{
  "output": "/home/endless/Documents/Project/Dexterous_Hand/code/tron2_revo3_description/design/wrist_camera_bracket_v1/variants/863c1651fb37c631",
  "parameters": {
    "length_mm": 100.0,
    "plate_tilt_deg": 40.0,
    "density_kg_m3": 1250.0,
    "length_range_mm": [
      20,
      150
    ],
    "plate_tilt_range_deg": [
      0,
      75
    ]
  },
  "plate_frame": {
    "xyz_mm": [
      0,
      100.0,
      62
    ],
    "rpy_deg": [
      40.0,
      0,
      0
    ],
    "pivot_axis_in_root": [
      1,
      0,
      0
    ]
  },
  "whole": {
    "volume_mm3": 35964.83169437217,
    "mass_kg": 0.04495603961796522,
    "density_kg_m3": 1250.0,
    "center_of_mass_mm": [
      0.27649125966678906,
      51.614512952067045,
      61.12907433941748
    ],
    "inertia_at_com_kg_m2": [
      [
        0.0001150340988814217,
        6.967311150795959e-07,
        2.460792373562924e-07
      ],
      [
        6.967311150795959e-07,
        1.6024882092264145e-05,
        -2.5729203370872792e-05
      ],
      [
        2.460792373562924e-07,
        -2.5729203370872792e-05,
        0.00010856490210901263
      ]
    ],
    "bounds_mm": [
      [
        -32.943401903503926,
        -10.515696955288577,
        11.773109137041468
      ],
      [
        32.94363951355965,
        141.11988636156,
        96.95704468993803
      ]
    ],
    "brep_valid": true,
    "solid_count": 1
  },
  "verification": {
    "whole_step_roundtrip": {
      "solid_count": 1,
      "valid": true,
      "volume_mm3": 35964.83169448211,
      "volume_absolute_error_mm3": 1.0993971955031157e-07
    },
    "whole_stl_mm": {
      "watertight": true,
      "is_volume": true,
      "faces": 8122,
      "volume": 35965.10620150269,
      "relative_volume_error": 7.632654390010311e-06
    },
    "whole_stl_m": {
      "watertight": true,
      "is_volume": true,
      "faces": 8122,
      "volume": 3.5965116831092115e-05,
      "relative_volume_error": 7.928209489844745e-06
    },
    "sum_component_volume_mm3": 35964.831684561075,
    "component_volume_partition_error_mm3": 9.811097697820514e-06,
    "physical_fit_or_strength_certified": false,
    "plate_partition_fragment_cleanup": {
      "count": 0,
      "volume_mm3": 0.0
    }
  }
}
