{
  "output": "/home/endless/Documents/Project/Dexterous_Hand/code/tron2_revo3_description/design/wrist_camera_bracket_v4/variants/9a498f2e26aa35c9",
  "user_angle_deg": 15.0,
  "actual_CAD_Rx_deg": 75.0,
  "whole": {
    "volume_mm3": 37392.85692426762,
    "mass_kg": 0.04674107115533452,
    "density_kg_m3": 1250,
    "center_of_mass_mm": [
      5.635160363240385e-12,
      -0.6786015889341169,
      94.98849434886552
    ],
    "inertia_at_com_kg_m2": [
      [
        8.317079703256362e-05,
        -1.193594780079275e-16,
        -1.242704591936521e-15
      ],
      [
        -1.193594780079275e-16,
        8.50220997740581e-05,
        -6.676401255948407e-06
      ],
      [
        -1.242704591936521e-15,
        -6.676401255948407e-06,
        4.530342930380914e-06
      ]
    ],
    "bounds_mm": [
      [
        -21.71219294171049,
        -10.516460121073601,
        24.585536702102555
      ],
      [
        21.712192941710494,
        15.390442097909245,
        181.54578115723663
      ]
    ],
    "brep_valid": true,
    "solid_count": 1
  }
}
