{
  "output": "/home/endless/Documents/Project/Dexterous_Hand/code/tron2_revo3_description/design/wrist_camera_bracket_v1/variants/c9d784b274400561",
  "parameters": {
    "length_mm": 95.0,
    "plate_tilt_deg": 40.0,
    "density_kg_m3": 1250.0,
    "length_range_mm": [
      20,
      150
    ],
    "plate_tilt_range_deg": [
      0,
      75
    ]
  },
  "plate_frame": {
    "xyz_mm": [
      0,
      95.0,
      62
    ],
    "rpy_deg": [
      40.0,
      0,
      0
    ],
    "pivot_axis_in_root": [
      1,
      0,
      0
    ]
  },
  "whole": {
    "volume_mm3": 35007.578597890606,
    "mass_kg": 0.043759473247363255,
    "density_kg_m3": 1250.0,
    "center_of_mass_mm": [
      0.28405168296841593,
      49.245882147260225,
      61.08522786731437
    ],
    "inertia_at_com_kg_m2": [
      [
        0.00010574966234415517,
        6.672891469364615e-07,
        2.4553422778944755e-07
      ],
      [
        6.672891469364615e-07,
        1.593060865722375e-05,
        -2.473920745506555e-05
      ],
      [
        2.4553422778944755e-07,
        -2.473920745506555e-05,
        9.922253295169874e-05
      ]
    ],
    "bounds_mm": [
      [
        -32.943401903503926,
        -10.515696955288577,
        11.773109137041468
      ],
      [
        32.94363951355965,
        136.11988636155996,
        96.95704468993803
      ]
    ],
    "brep_valid": true,
    "solid_count": 1
  },
  "verification": {
    "whole_step_roundtrip": {
      "solid_count": 1,
      "valid": true,
      "volume_mm3": 35007.57859800071,
      "volume_absolute_error_mm3": 1.1010706657543778e-07
    },
    "whole_stl_mm": {
      "watertight": true,
      "is_volume": true,
      "faces": 8122,
      "volume": 35007.85730079132,
      "relative_volume_error": 7.961216167423363e-06
    },
    "whole_stl_m": {
      "watertight": true,
      "is_volume": true,
      "faces": 8122,
      "volume": 3.5007867779164924e-05,
      "relative_volume_error": 8.260533458753514e-06
    },
    "sum_component_volume_mm3": 35007.57858806962,
    "component_volume_partition_error_mm3": 9.82098572421819e-06,
    "physical_fit_or_strength_certified": false,
    "plate_partition_fragment_cleanup": {
      "count": 0,
      "volume_mm3": 0.0
    }
  }
}
