{
  "output": "/home/endless/Documents/Project/Dexterous_Hand/code/tron2_revo3_description/design/wrist_camera_bracket_v4/variants/df5ace00c59cda00",
  "user_angle_deg": 27.0,
  "actual_CAD_Rx_deg": 63.0,
  "whole": {
    "volume_mm3": 37393.85128709043,
    "mass_kg": 0.046742314108863044,
    "density_kg_m3": 1250,
    "center_of_mass_mm": [
      1.2214117449436163e-11,
      0.4208618310942437,
      94.56739810296847
    ],
    "inertia_at_com_kg_m2": [
      [
        8.176441111314885e-05,
        -1.8296457516324592e-16,
        -1.1317547711059118e-15
      ],
      [
        -1.8296457516324592e-16,
        8.231692250021592e-05,
        -9.952949380128473e-06
      ],
      [
        -1.1317547711059118e-15,
        -9.952949380128473e-06,
        5.829409756338276e-06
      ]
    ],
    "bounds_mm": [
      [
        -21.71219294171049,
        -10.516460121073601,
        24.585536702102555
      ],
      [
        21.712192941710494,
        25.3895191348332,
        178.04032035727425
      ]
    ],
    "brep_valid": true,
    "solid_count": 1
  }
}
