{
  "output": "/home/endless/Documents/Project/Dexterous_Hand/code/tron2_revo3_description/design/wrist_camera_bracket_v2/variants/a6619aa19c8fcde0",
  "parameters": {
    "length_mm": 95.0,
    "plate_tilt_deg": 40.0,
    "density_kg_m3": 1250.0,
    "length_range_mm": [
      20,
      150
    ],
    "plate_tilt_range_deg": [
      0,
      75
    ]
  },
  "plate_frame": {
    "xyz_mm": [
      0,
      0,
      130.8
    ],
    "rpy_deg": [
      40.0,
      0,
      0
    ],
    "pivot_axis_in_root": [
      1,
      0,
      0
    ]
  },
  "whole": {
    "volume_mm3": 39186.64988528745,
    "mass_kg": 0.04898331235660932,
    "density_kg_m3": 1250.0,
    "center_of_mass_mm": [
      -1.3295448733666842e-08,
      1.8379067947071783,
      89.99669928386652
    ],
    "inertia_at_com_kg_m2": [
      [
        8.787173761724623e-05,
        -4.260049656582115e-15,
        1.4982203626689008e-12
      ],
      [
        -4.260049656582115e-15,
        8.641320244661138e-05,
        -1.5044430201218721e-05
      ],
      [
        1.4982203626689008e-12,
        -1.5044430201218721e-05,
        1.0710916953078563e-05
      ]
    ],
    "bounds_mm": [
      [
        -32.943401903503926,
        -10.51351821229357,
        11.775424765641615
      ],
      [
        32.94340190350393,
        41.11988636155997,
        165.75704468993803
      ]
    ],
    "brep_valid": true,
    "solid_count": 1
  },
  "verification": {
    "whole_step_roundtrip": {
      "solid_count": 1,
      "valid": true,
      "volume_mm3": 39186.649885247934,
      "volume_absolute_error_mm3": 3.9515725802630186e-08
    },
    "whole_stl_mm": {
      "watertight": true,
      "is_volume": true,
      "faces": 6052,
      "volume": 39187.152263552,
      "relative_volume_error": 1.2820138134335451e-05
    },
    "whole_stl_m": {
      "watertight": true,
      "is_volume": true,
      "faces": 6052,
      "volume": 3.918715500587384e-05,
      "relative_volume_error": 1.2890119157129883e-05
    },
    "component_volume_partition_error_mm3": 5.162219167686999e-07,
    "plate_partition_fragment_cleanup": {
      "count": 0,
      "volume_mm3": 0.0
    },
    "physical_fit_or_strength_certified": false
  }
}
