{
  "output": "/home/endless/Documents/Project/Dexterous_Hand/code/tron2_revo3_description/design/wrist_camera_bracket_v1/variants/595651737cba963d",
  "parameters": {
    "length_mm": 95.0,
    "plate_tilt_deg": 52.0,
    "density_kg_m3": 1250.0,
    "length_range_mm": [
      20,
      150
    ],
    "plate_tilt_range_deg": [
      0,
      75
    ]
  },
  "plate_frame": {
    "xyz_mm": [
      0,
      95.0,
      62
    ],
    "rpy_deg": [
      52.0,
      0,
      0
    ],
    "pivot_axis_in_root": [
      1,
      0,
      0
    ]
  },
  "whole": {
    "volume_mm3": 35029.132473407866,
    "mass_kg": 0.04378641559175983,
    "density_kg_m3": 1250.0,
    "center_of_mass_mm": [
      0.28387690241998803,
      48.35801535152197,
      61.97077334510432
    ],
    "inertia_at_com_kg_m2": [
      [
        0.00010214615197273765,
        6.562530041701038e-07,
        2.565415060982105e-07
      ],
      [
        6.562530041701038e-07,
        1.7897757167392375e-05,
        -2.643983263235571e-05
      ],
      [
        2.565415060982105e-07,
        -2.643983263235571e-05,
        9.365651225474676e-05
      ]
    ],
    "bounds_mm": [
      [
        -32.943401903503926,
        -10.515696955288577,
        11.773109137041468
      ],
      [
        32.94363951355965,
        128.5904183241477,
        104.2078822382009
      ]
    ],
    "brep_valid": true,
    "solid_count": 1
  },
  "verification": {
    "whole_step_roundtrip": {
      "solid_count": 1,
      "valid": true,
      "volume_mm3": 35029.132473385966,
      "volume_absolute_error_mm3": 2.1900632418692112e-08
    },
    "whole_stl_mm": {
      "watertight": true,
      "is_volume": true,
      "faces": 8264,
      "volume": 35029.2420564298,
      "relative_volume_error": 3.1283395904211245e-06
    },
    "whole_stl_m": {
      "watertight": true,
      "is_volume": true,
      "faces": 8264,
      "volume": 3.502925117228178e-05,
      "relative_volume_error": 3.3885758946836022e-06
    },
    "sum_component_volume_mm3": 35029.13246401162,
    "component_volume_partition_error_mm3": 9.396244422532618e-06,
    "physical_fit_or_strength_certified": false,
    "plate_partition_fragment_cleanup": {
      "count": 0,
      "volume_mm3": 0.0
    }
  }
}
