{
  "output": "/home/endless/Documents/Project/Dexterous_Hand/code/tron2_revo3_description/design/wrist_camera_bracket_v4/variants/c33601385d5b658f",
  "user_angle_deg": 15.0,
  "actual_CAD_Rx_deg": 75.0,
  "whole": {
    "volume_mm3": 33081.097634686004,
    "mass_kg": 0.04135137204335751,
    "density_kg_m3": 1250,
    "center_of_mass_mm": [
      -1.3327277473020986e-12,
      -0.4412022255306402,
      87.84898236042727
    ],
    "inertia_at_com_kg_m2": [
      [
        6.084496866109413e-05,
        -1.0015016534528806e-16,
        -1.1424579592622764e-15
      ],
      [
        -1.0015016534528806e-16,
        6.2523172594186e-05,
        -5.905303914624168e-06
      ],
      [
        -1.1424579592622764e-15,
        -5.905303914624168e-06,
        4.187921161957741e-06
      ]
    ],
    "bounds_mm": [
      [
        -21.71219294171049,
        -10.516460121073601,
        24.585536702102555
      ],
      [
        21.712192941710494,
        15.390442097909245,
        166.5457811572366
      ]
    ],
    "brep_valid": true,
    "solid_count": 1
  }
}
