{
  "output": "/home/endless/Documents/Project/Dexterous_Hand/code/tron2_revo3_description/design/wrist_camera_bracket_v3/variants/f606e1e9ceaa9a61",
  "parameters": {
    "length_mm": 80.0,
    "plate_tilt_deg": 15.0,
    "density_kg_m3": 1250.0,
    "length_range_mm": [
      20,
      150
    ],
    "plate_tilt_range_deg": [
      0,
      75
    ]
  },
  "plate_frame": {
    "xyz_mm": [
      0,
      0,
      115.8
    ],
    "rpy_deg": [
      15.0,
      0,
      0
    ],
    "pivot_axis_in_root": [
      1,
      0,
      0
    ]
  },
  "whole": {
    "volume_mm3": 33253.31712688442,
    "mass_kg": 0.04156664640860553,
    "density_kg_m3": 1250.0,
    "center_of_mass_mm": [
      -3.1226317169046566e-12,
      4.041425697847455,
      83.49663497871218
    ],
    "inertia_at_com_kg_m2": [
      [
        4.911663737752181e-05,
        -1.7947143460419264e-16,
        -5.975069064943624e-16
      ],
      [
        -1.7947143460419264e-16,
        4.34776500119814e-05,
        -1.1838013698496858e-05
      ],
      [
        -5.975069064943624e-16,
        -1.1838013698496858e-05,
        1.1544998094689459e-05
      ]
    ],
    "bounds_mm": [
      [
        -21.71219294171049,
        -10.516460121073601,
        24.585536702102555
      ],
      [
        21.712192941710494,
        50.74578115723662,
        131.19044209790923
      ]
    ],
    "brep_valid": true,
    "solid_count": 1
  },
  "verification": {
    "whole_step_roundtrip": {
      "solid_count": 1,
      "valid": true,
      "volume_mm3": 33253.31712682182,
      "volume_absolute_error_mm3": 6.26023393124342e-08
    },
    "whole_stl_mm": {
      "watertight": true,
      "is_volume": true,
      "faces": 5838,
      "volume": 33254.09758240815,
      "relative_volume_error": 2.3470005134992262e-05
    },
    "whole_stl_m": {
      "watertight": true,
      "is_volume": true,
      "faces": 5838,
      "volume": 3.325409732241265e-05,
      "relative_volume_error": 2.3462186501524876e-05
    },
    "component_volume_partition_error_mm3": 7.6121068559587e-07,
    "plate_partition_fragment_cleanup": {
      "count": 0,
      "volume_mm3": 0.0
    },
    "physical_fit_or_strength_certified": false
  }
}
