{
  "output": "/home/endless/Documents/Project/Dexterous_Hand/code/tron2_revo3_description/design/wrist_camera_bracket_v1/variants/768dbb6958d77dad",
  "parameters": {
    "length_mm": 80.0,
    "plate_tilt_deg": 60.0,
    "density_kg_m3": 1250.0,
    "length_range_mm": [
      20,
      150
    ],
    "plate_tilt_range_deg": [
      0,
      75
    ]
  },
  "plate_frame": {
    "xyz_mm": [
      0,
      80.0,
      62
    ],
    "rpy_deg": [
      60.0,
      0,
      0
    ],
    "pivot_axis_in_root": [
      1,
      0,
      0
    ]
  },
  "whole": {
    "volume_mm3": 32166.353888597245,
    "mass_kg": 0.040207942360746554,
    "density_kg_m3": 1250.0,
    "center_of_mass_mm": [
      0.3091417089850023,
      40.456299011185806,
      62.420158845303156
    ],
    "inertia_at_com_kg_m2": [
      [
        7.572280384277716e-05,
        5.580350464174625e-07,
        2.6212735142386577e-07
      ],
      [
        5.580350464174625e-07,
        1.8813570568186157e-05,
        -2.3496077935277504e-05
      ],
      [
        2.6212735142386577e-07,
        -2.3496077935277504e-05,
        6.586210398874084e-05
      ]
    ],
    "bounds_mm": [
      [
        -32.943401903503926,
        -10.515696955288577,
        11.773109137041468
      ],
      [
        32.94363951355965,
        107.7320509075689,
        108.03332109679084
      ]
    ],
    "brep_valid": true,
    "solid_count": 1
  },
  "verification": {
    "whole_step_roundtrip": {
      "solid_count": 1,
      "valid": true,
      "volume_mm3": 32166.35388857516,
      "volume_absolute_error_mm3": 2.208616933785379e-08
    },
    "whole_stl_mm": {
      "watertight": true,
      "is_volume": true,
      "faces": 8284,
      "volume": 32166.605184329568,
      "relative_volume_error": 7.812378524269885e-06
    },
    "whole_stl_m": {
      "watertight": true,
      "is_volume": true,
      "faces": 8284,
      "volume": 3.216661079865946e-05,
      "relative_volume_error": 7.986918974314786e-06
    },
    "sum_component_volume_mm3": 32166.35387891253,
    "component_volume_partition_error_mm3": 9.684714314062148e-06,
    "physical_fit_or_strength_certified": false
  }
}
