{
  "output": "/home/endless/Documents/Project/Dexterous_Hand/code/tron2_revo3_description/design/wrist_camera_bracket_v1/variants/d122cbd7773897e5",
  "parameters": {
    "length_mm": 80.0,
    "plate_tilt_deg": 55.0,
    "density_kg_m3": 1250.0,
    "length_range_mm": [
      20,
      150
    ],
    "plate_tilt_range_deg": [
      0,
      75
    ]
  },
  "plate_frame": {
    "xyz_mm": [
      0,
      80.0,
      62
    ],
    "rpy_deg": [
      55.0,
      0,
      0
    ],
    "pivot_axis_in_root": [
      1,
      0,
      0
    ]
  },
  "whole": {
    "volume_mm3": 32162.452405197284,
    "mass_kg": 0.04020306550649661,
    "density_kg_m3": 1250.0,
    "center_of_mass_mm": [
      0.309179209655715,
      40.94061548962199,
      62.10972090117868
    ],
    "inertia_at_com_kg_m2": [
      [
        7.726358417173427e-05,
        5.640550771827113e-07,
        2.582686195602952e-07
      ],
      [
        5.640550771827113e-07,
        1.8087120877467545e-05,
        -2.334368414261172e-05
      ],
      [
        2.582686195602952e-07,
        -2.334368414261172e-05,
        6.812890801539063e-05
      ]
    ],
    "bounds_mm": [
      [
        -32.943401903503926,
        -10.515696955288577,
        11.773109137041468
      ],
      [
        32.94363951355965,
        111.46427887883242,
        105.7430592757297
      ]
    ],
    "brep_valid": true,
    "solid_count": 1
  },
  "verification": {
    "whole_step_roundtrip": {
      "solid_count": 1,
      "valid": true,
      "volume_mm3": 32162.45240518965,
      "volume_absolute_error_mm3": 7.632479537278414e-09
    },
    "whole_stl_mm": {
      "watertight": true,
      "is_volume": true,
      "faces": 8276,
      "volume": 32162.672261201024,
      "relative_volume_error": 6.835797251083483e-06
    },
    "whole_stl_m": {
      "watertight": true,
      "is_volume": true,
      "faces": 8276,
      "volume": 3.2162678255417326e-05,
      "relative_volume_error": 7.0221703618144084e-06
    },
    "sum_component_volume_mm3": 32162.45239566232,
    "component_volume_partition_error_mm3": 9.534964192425832e-06,
    "physical_fit_or_strength_certified": false,
    "plate_partition_fragment_cleanup": {
      "count": 0,
      "volume_mm3": 0.0
    }
  }
}
