{
  "output": "/home/endless/Documents/Project/Dexterous_Hand/code/tron2_revo3_description/design/wrist_camera_bracket_v2/variants/8238820d14a56a1e",
  "parameters": {
    "length_mm": 95.0,
    "plate_tilt_deg": 52.0,
    "density_kg_m3": 1250.0,
    "length_range_mm": [
      20,
      150
    ],
    "plate_tilt_range_deg": [
      0,
      75
    ]
  },
  "plate_frame": {
    "xyz_mm": [
      0,
      0,
      130.8
    ],
    "rpy_deg": [
      52.0,
      0,
      0
    ],
    "pivot_axis_in_root": [
      1,
      0,
      0
    ]
  },
  "whole": {
    "volume_mm3": 39144.694966176685,
    "mass_kg": 0.048930868707720857,
    "density_kg_m3": 1250.0,
    "center_of_mass_mm": [
      -1.350808596244034e-08,
      1.0273674965763702,
      90.73897112333677
    ],
    "inertia_at_com_kg_m2": [
      [
        9.10074517458018e-05,
        -3.839055994627688e-15,
        1.5200837118765472e-12
      ],
      [
        -3.839055994627688e-15,
        9.135037807593704e-05,
        -1.3318720269087114e-05
      ],
      [
        1.5200837118765472e-12,
        -1.3318720269087114e-05,
        8.897792201950057e-06
      ]
    ],
    "bounds_mm": [
      [
        -32.943401903503926,
        -10.51351821229357,
        11.775424765641615
      ],
      [
        32.94340190350393,
        33.590418324147706,
        173.0078822382009
      ]
    ],
    "brep_valid": true,
    "solid_count": 1
  },
  "verification": {
    "whole_step_roundtrip": {
      "solid_count": 1,
      "valid": true,
      "volume_mm3": 39144.694966164214,
      "volume_absolute_error_mm3": 1.2470991350710392e-08
    },
    "whole_stl_mm": {
      "watertight": true,
      "is_volume": true,
      "faces": 6028,
      "volume": 39145.107959136105,
      "relative_volume_error": 1.0550419661640752e-05
    },
    "whole_stl_m": {
      "watertight": true,
      "is_volume": true,
      "faces": 6028,
      "volume": 3.914511569300453e-05,
      "relative_volume_error": 1.0747990965601418e-05
    },
    "component_volume_partition_error_mm3": 5.167530616745353e-07,
    "plate_partition_fragment_cleanup": {
      "count": 0,
      "volume_mm3": 0.0
    },
    "physical_fit_or_strength_certified": false
  }
}
