{
  "status": "real_offscreen_capture_and_live_mount_commands_verified",
  "opened_gui": false,
  "capture_worker_used": true,
  "baseline_montage": "outputs/cameras/side_bend_v4/viewer_check/rgbd_montage.png",
  "length_montage": "outputs/cameras/side_bend_v4/viewer_length_check/rgbd_montage.png",
  "tilt_montage": "outputs/cameras/side_bend_v4/viewer_tilt_check/rgbd_montage.png",
  "baseline_parameters": {
    "left": {
      "model": "D405",
      "parent": "wrist_roll_L_Link",
      "mount_xyz_m": [
        -0.0317,
        0,
        -0.0812
      ],
      "mount_rpy_rad": [
        -1.5707963267948966,
        0,
        -1.5707963267948966
      ],
      "extension_axis": [
        0,
        0,
        1
      ],
      "extension_origin_m": [
        0,
        0,
        0.0358
      ],
      "length_mm": 80,
      "plate_zero_rpy_rad": [
        1.5707963267948966,
        0,
        0
      ],
      "plate_tilt_axis": [
        -1,
        0,
        0
      ],
      "plate_tilt_deg": 15,
      "camera_bottom_xyz_m": [
        0,
        0.053,
        -0.01035
      ],
      "camera_bottom_rpy_rad": [
        1.5707963267948966,
        1.5707963267948966,
        0
      ],
      "mount_evidence": "V3 side mount: CAD local holes60/120 transformed to original adapter small holes330/30 on the thumb side; large15 retention hole covered"
    },
    "right": {
      "model": "D405",
      "parent": "wrist_roll_R_Link",
      "mount_xyz_m": [
        -0.0317,
        0,
        -0.0812
      ],
      "mount_rpy_rad": [
        -1.5707963267948966,
        0,
        -1.5707963267948966
      ],
      "extension_axis": [
        0,
        0,
        1
      ],
      "extension_origin_m": [
        0,
        0,
        0.0358
      ],
      "length_mm": 80,
      "plate_zero_rpy_rad": [
        1.5707963267948966,
        0,
        0
      ],
      "plate_tilt_axis": [
        -1,
        0,
        0
      ],
      "plate_tilt_deg": 15,
      "camera_bottom_xyz_m": [
        0,
        0.053,
        -0.01035
      ],
      "camera_bottom_rpy_rad": [
        1.5707963267948966,
        1.5707963267948966,
        0
      ],
      "mount_evidence": "Both hands have their thumb on original adapter +X; same V3 wrist transform, no inherited right-side180-degree rotation"
    }
  },
  "length_parameters": {
    "left": {
      "camera_bottom_rpy_rad": [
        1.5707963267948966,
        1.5707963267948966,
        0
      ],
      "camera_bottom_xyz_m": [
        0,
        0.053,
        -0.01035
      ],
      "extension_axis": [
        0,
        0,
        1
      ],
      "extension_origin_m": [
        0,
        0,
        0.0358
      ],
      "length_mm": 95.0,
      "model": "D405",
      "mount_evidence": "V3 side mount: CAD local holes60/120 transformed to original adapter small holes330/30 on the thumb side; large15 retention hole covered",
      "mount_rpy_rad": [
        -1.5707963267948966,
        0,
        -1.5707963267948966
      ],
      "mount_xyz_m": [
        -0.0317,
        0,
        -0.0812
      ],
      "parent": "wrist_roll_L_Link",
      "plate_tilt_axis": [
        -1,
        0,
        0
      ],
      "plate_tilt_deg": 15.0,
      "plate_zero_rpy_rad": [
        1.5707963267948966,
        0,
        0
      ]
    },
    "right": {
      "camera_bottom_rpy_rad": [
        1.5707963267948966,
        1.5707963267948966,
        0
      ],
      "camera_bottom_xyz_m": [
        0,
        0.053,
        -0.01035
      ],
      "extension_axis": [
        0,
        0,
        1
      ],
      "extension_origin_m": [
        0,
        0,
        0.0358
      ],
      "length_mm": 95.0,
      "model": "D405",
      "mount_evidence": "Both hands have their thumb on original adapter +X; same V3 wrist transform, no inherited right-side180-degree rotation",
      "mount_rpy_rad": [
        -1.5707963267948966,
        0,
        -1.5707963267948966
      ],
      "mount_xyz_m": [
        -0.0317,
        0,
        -0.0812
      ],
      "parent": "wrist_roll_R_Link",
      "plate_tilt_axis": [
        -1,
        0,
        0
      ],
      "plate_tilt_deg": 15.0,
      "plate_zero_rpy_rad": [
        1.5707963267948966,
        0,
        0
      ]
    }
  },
  "tilt_parameters": {
    "left": {
      "camera_bottom_rpy_rad": [
        1.5707963267948966,
        1.5707963267948966,
        0
      ],
      "camera_bottom_xyz_m": [
        0,
        0.053,
        -0.01035
      ],
      "extension_axis": [
        0,
        0,
        1
      ],
      "extension_origin_m": [
        0,
        0,
        0.0358
      ],
      "length_mm": 95.0,
      "model": "D405",
      "mount_evidence": "V3 side mount: CAD local holes60/120 transformed to original adapter small holes330/30 on the thumb side; large15 retention hole covered",
      "mount_rpy_rad": [
        -1.5707963267948966,
        0,
        -1.5707963267948966
      ],
      "mount_xyz_m": [
        -0.0317,
        0,
        -0.0812
      ],
      "parent": "wrist_roll_L_Link",
      "plate_tilt_axis": [
        -1,
        0,
        0
      ],
      "plate_tilt_deg": 27.0,
      "plate_zero_rpy_rad": [
        1.5707963267948966,
        0,
        0
      ]
    },
    "right": {
      "camera_bottom_rpy_rad": [
        1.5707963267948966,
        1.5707963267948966,
        0
      ],
      "camera_bottom_xyz_m": [
        0,
        0.053,
        -0.01035
      ],
      "extension_axis": [
        0,
        0,
        1
      ],
      "extension_origin_m": [
        0,
        0,
        0.0358
      ],
      "length_mm": 95.0,
      "model": "D405",
      "mount_evidence": "Both hands have their thumb on original adapter +X; same V3 wrist transform, no inherited right-side180-degree rotation",
      "mount_rpy_rad": [
        -1.5707963267948966,
        0,
        -1.5707963267948966
      ],
      "mount_xyz_m": [
        -0.0317,
        0,
        -0.0812
      ],
      "parent": "wrist_roll_R_Link",
      "plate_tilt_axis": [
        -1,
        0,
        0
      ],
      "plate_tilt_deg": 27.0,
      "plate_zero_rpy_rad": [
        1.5707963267948966,
        0,
        0
      ]
    }
  },
  "length_only_image_changes": {
    "head": {
      "changed_rgb_pixels": 1081,
      "rgb_mean_absolute_change": 0.5787803819444445,
      "changed_depth_validity_pixels": 0,
      "changed_common_depth_pixels": 868,
      "mean_common_depth_change_m": 0.0008039152598939836
    },
    "left_wrist": {
      "changed_rgb_pixels": 32826,
      "rgb_mean_absolute_change": 20.60345486111111,
      "changed_depth_validity_pixels": 1610,
      "changed_common_depth_pixels": 10442,
      "mean_common_depth_change_m": 0.021147120743989944
    },
    "right_wrist": {
      "changed_rgb_pixels": 36479,
      "rgb_mean_absolute_change": 21.249683159722224,
      "changed_depth_validity_pixels": 1759,
      "changed_common_depth_pixels": 9257,
      "mean_common_depth_change_m": 0.024532658979296684
    }
  },
  "tilt_only_image_changes": {
    "head": {
      "changed_rgb_pixels": 1322,
      "rgb_mean_absolute_change": 0.3093532986111111,
      "changed_depth_validity_pixels": 0,
      "changed_common_depth_pixels": 690,
      "mean_common_depth_change_m": 0.00036758187343366444
    },
    "left_wrist": {
      "changed_rgb_pixels": 51593,
      "rgb_mean_absolute_change": 43.59935329861111,
      "changed_depth_validity_pixels": 9144,
      "changed_common_depth_pixels": 10506,
      "mean_common_depth_change_m": 0.09467151015996933
    },
    "right_wrist": {
      "changed_rgb_pixels": 51063,
      "rgb_mean_absolute_change": 44.968524305555555,
      "changed_depth_validity_pixels": 8491,
      "changed_common_depth_pixels": 9386,
      "mean_common_depth_change_m": 0.09566743671894073
    }
  },
  "input_config_path": "config/camera_rig.json",
  "input_config_sha256_before": "947a8c07e9a7b0dce0160f67d8d11dcca9a184249ed5a88c8a15fb00006e6383",
  "input_config_sha256_after": "947a8c07e9a7b0dce0160f67d8d11dcca9a184249ed5a88c8a15fb00006e6383",
  "saved_user_config": false,
  "geometry_status": "side_mount_v4_plate_to_stem_angle_convention",
  "bracket_geometry": "parametric_side_bend_v4",
  "geometry_status_by_stage": {
    "baseline": "side_mount_v4_plate_to_stem_angle_convention",
    "length": "side_mount_v4_plate_to_stem_angle_convention",
    "tilt": "side_mount_v4_plate_to_stem_angle_convention"
  },
  "parameter_limits": {
    "length_mm": [
      20.0,
      150.0
    ],
    "plate_tilt_deg": [
      15.0,
      90.0
    ]
  },
  "rebuild_wait_timeout_seconds": 60.0,
  "capture_lifecycle": [
    {
      "kind": "rebuilding",
      "wall_time_monotonic": 93373.091068472,
      "physical_CAD": true,
      "requests": {
        "left": {
          "length_mm": 95.0,
          "plate_tilt_deg": 15.0
        },
        "right": {
          "length_mm": 95.0,
          "plate_tilt_deg": 15.0
        }
      },
      "previous_frame_retained": true
    },
    {
      "kind": "rebuilt",
      "wall_time_monotonic": 93378.818067437,
      "elapsed_seconds": 5.726937102997908,
      "stamp_ns": 200000000,
      "geometry_status": "side_mount_v4_plate_to_stem_angle_convention"
    },
    {
      "kind": "rebuilding",
      "wall_time_monotonic": 93378.914399331,
      "physical_CAD": true,
      "requests": {
        "left": {
          "length_mm": 95.0,
          "plate_tilt_deg": 27.0
        },
        "right": {
          "length_mm": 95.0,
          "plate_tilt_deg": 27.0
        }
      },
      "previous_frame_retained": true
    },
    {
      "kind": "rebuilt",
      "wall_time_monotonic": 93384.362764937,
      "elapsed_seconds": 5.448301120006363,
      "stamp_ns": 333333333,
      "geometry_status": "side_mount_v4_plate_to_stem_angle_convention"
    }
  ]
}

